[    0.000000] Initializing cgroup subsys cpuset
[    0.000000] Initializing cgroup subsys cpu
[    0.000000] Initializing cgroup subsys cpuacct
[    0.000000] Linux version 4.4.0-78-generic (buildd@lgw01-11) (gcc version 5.4.0 20160609 (Ubuntu 5.4.0-6ubuntu1~16.04.4) ) #99-Ubuntu SMP Thu Apr 27 15:29:09 UTC 2017 (Ubuntu 4.4.0-78.99-generic 4.4.62)
[    0.000000] Command line: BOOT_IMAGE=/boot/vmlinuz-4.4.0-78-generic root=LABEL=cloudimg-rootfs ro console=tty1 console=ttyS0
[    0.000000] KERNEL supported cpus:
[    0.000000]   Intel GenuineIntel
[    0.000000]   AMD AuthenticAMD
[    0.000000]   Centaur CentaurHauls
[    0.000000] x86/fpu: xstate_offset[2]:  576, xstate_sizes[2]:  256
[    0.000000] x86/fpu: Supporting XSAVE feature 0x01: 'x87 floating point registers'
[    0.000000] x86/fpu: Supporting XSAVE feature 0x02: 'SSE registers'
[    0.000000] x86/fpu: Supporting XSAVE feature 0x04: 'AVX registers'
[    0.000000] x86/fpu: Enabled xstate features 0x7, context size is 832 bytes, using 'standard' format.
[    0.000000] x86/fpu: Using 'lazy' FPU context switches.
[    0.000000] e820: BIOS-provided physical RAM map:
[    0.000000] BIOS-e820: [mem 0x0000000000000000-0x000000000009fbff] usable
[    0.000000] BIOS-e820: [mem 0x000000000009fc00-0x000000000009ffff] reserved
[    0.000000] BIOS-e820: [mem 0x00000000000f0000-0x00000000000fffff] reserved
[    0.000000] BIOS-e820: [mem 0x0000000000100000-0x000000003ffeffff] usable
[    0.000000] BIOS-e820: [mem 0x000000003fff0000-0x000000003fffffff] ACPI data
[    0.000000] BIOS-e820: [mem 0x00000000fec00000-0x00000000fec00fff] reserved
[    0.000000] BIOS-e820: [mem 0x00000000fee00000-0x00000000fee00fff] reserved
[    0.000000] BIOS-e820: [mem 0x00000000fffc0000-0x00000000ffffffff] reserved
[    0.000000] NX (Execute Disable) protection: active
[    0.000000] SMBIOS 2.5 present.
[    0.000000] Hypervisor detected: KVM
[    0.000000] e820: last_pfn = 0x3fff0 max_arch_pfn = 0x400000000
[    0.000000] MTRR: Disabled
[    0.000000] x86/PAT: MTRRs disabled, skipping PAT initialization too.
[    0.000000] x86/PAT: Configuration [0-7]: WB  WT  UC- UC  WB  WT  UC- UC  
[    0.000000] CPU MTRRs all blank - virtualized system.
[    0.000000] found SMP MP-table at [mem 0x0009fff0-0x0009ffff] mapped at [ffff88000009fff0]
[    0.000000] Scanning 1 areas for low memory corruption
[    0.000000] RAMDISK: [mem 0x36ae6000-0x3756afff]
[    0.000000] ACPI: Early table checksum verification disabled
[    0.000000] ACPI: RSDP 0x00000000000E0000 000024 (v02 VBOX  )
[    0.000000] ACPI: XSDT 0x000000003FFF0030 00003C (v01 VBOX   VBOXXSDT 00000001 ASL  00000061)
[    0.000000] ACPI: FACP 0x000000003FFF00F0 0000F4 (v04 VBOX   VBOXFACP 00000001 ASL  00000061)
[    0.000000] ACPI: DSDT 0x000000003FFF0470 0021C8 (v02 VBOX   VBOXBIOS 00000002 INTL 20100528)
[    0.000000] ACPI: FACS 0x000000003FFF0200 000040
[    0.000000] ACPI: FACS 0x000000003FFF0200 000040
[    0.000000] ACPI: APIC 0x000000003FFF0240 00005C (v02 VBOX   VBOXAPIC 00000001 ASL  00000061)
[    0.000000] ACPI: SSDT 0x000000003FFF02A0 0001CC (v01 VBOX   VBOXCPUT 00000002 INTL 20100528)
[    0.000000] No NUMA configuration found
[    0.000000] Faking a node at [mem 0x0000000000000000-0x000000003ffeffff]
[    0.000000] NODE_DATA(0) allocated [mem 0x3ffeb000-0x3ffeffff]
[    0.000000] kvm-clock: Using msrs 4b564d01 and 4b564d00
[    0.000000] kvm-clock: cpu 0, msr 0:3ffe3001, primary cpu clock
[    0.000000] kvm-clock: using sched offset of 7632033156 cycles
[    0.000000] clocksource: kvm-clock: mask: 0xffffffffffffffff max_cycles: 0x1cd42e4dffb, max_idle_ns: 881590591483 ns
[    0.000000] Zone ranges:
[    0.000000]   DMA      [mem 0x0000000000001000-0x0000000000ffffff]
[    0.000000]   DMA32    [mem 0x0000000001000000-0x000000003ffeffff]
[    0.000000]   Normal   empty
[    0.000000]   Device   empty
[    0.000000] Movable zone start for each node
[    0.000000] Early memory node ranges
[    0.000000]   node   0: [mem 0x0000000000001000-0x000000000009efff]
[    0.000000]   node   0: [mem 0x0000000000100000-0x000000003ffeffff]
[    0.000000] Initmem setup node 0 [mem 0x0000000000001000-0x000000003ffeffff]
[    0.000000] ACPI: PM-Timer IO Port: 0x4008
[    0.000000] IOAPIC[0]: apic_id 2, version 32, address 0xfec00000, GSI 0-23
[    0.000000] ACPI: INT_SRC_OVR (bus 0 bus_irq 0 global_irq 2 dfl dfl)
[    0.000000] ACPI: INT_SRC_OVR (bus 0 bus_irq 9 global_irq 9 high level)
[    0.000000] Using ACPI (MADT) for SMP configuration information
[    0.000000] smpboot: Allowing 2 CPUs, 0 hotplug CPUs
[    0.000000] PM: Registered nosave memory: [mem 0x00000000-0x00000fff]
[    0.000000] PM: Registered nosave memory: [mem 0x0009f000-0x0009ffff]
[    0.000000] PM: Registered nosave memory: [mem 0x000a0000-0x000effff]
[    0.000000] PM: Registered nosave memory: [mem 0x000f0000-0x000fffff]
[    0.000000] e820: [mem 0x40000000-0xfebfffff] available for PCI devices
[    0.000000] Booting paravirtualized kernel on KVM
[    0.000000] clocksource: refined-jiffies: mask: 0xffffffff max_cycles: 0xffffffff, max_idle_ns: 7645519600211568 ns
[    0.000000] setup_percpu: NR_CPUS:512 nr_cpumask_bits:512 nr_cpu_ids:2 nr_node_ids:1
[    0.000000] PERCPU: Embedded 33 pages/cpu @ffff88003fc00000 s98264 r8192 d28712 u1048576
[    0.000000] PV qspinlock hash table entries: 256 (order: 0, 4096 bytes)
[    0.000000] Built 1 zonelists in Node order, mobility grouping on.  Total pages: 257913
[    0.000000] Policy zone: DMA32
[    0.000000] Kernel command line: BOOT_IMAGE=/boot/vmlinuz-4.4.0-78-generic root=LABEL=cloudimg-rootfs ro console=tty1 console=ttyS0
[    0.000000] PID hash table entries: 4096 (order: 3, 32768 bytes)
[    0.000000] Memory: 1001808K/1048120K available (8469K kernel code, 1294K rwdata, 3984K rodata, 1484K init, 1316K bss, 46312K reserved, 0K cma-reserved)
[    0.000000] SLUB: HWalign=64, Order=0-3, MinObjects=0, CPUs=2, Nodes=1
[    0.000000] Hierarchical RCU implementation.
[    0.000000] 	Build-time adjustment of leaf fanout to 64.
[    0.000000] 	RCU restricting CPUs from NR_CPUS=512 to nr_cpu_ids=2.
[    0.000000] RCU: Adjusting geometry for rcu_fanout_leaf=64, nr_cpu_ids=2
[    0.000000] NR_IRQS:33024 nr_irqs:440 16
[    0.000000] Console: colour VGA+ 80x25
[    0.000000] console [tty1] enabled
[    0.000000] console [ttyS0] enabled
[    0.000000] tsc: Detected 2399.998 MHz processor
[    2.891271] Calibrating delay loop (skipped) preset value.. 4799.99 BogoMIPS (lpj=9599992)
[    2.933611] pid_max: default: 32768 minimum: 301
[    2.991480] ACPI: Core revision 20150930
[    3.027008] ACPI: 2 ACPI AML tables successfully acquired and loaded
[    3.067356] Security Framework initialized
[    3.096638] Yama: becoming mindful.
[    3.103994] AppArmor: AppArmor initialized
[    3.156033] Dentry cache hash table entries: 131072 (order: 8, 1048576 bytes)
[    3.200216] Inode-cache hash table entries: 65536 (order: 7, 524288 bytes)
[    3.273102] Mount-cache hash table entries: 2048 (order: 2, 16384 bytes)
[    3.340394] Mountpoint-cache hash table entries: 2048 (order: 2, 16384 bytes)
[    3.372629] Initializing cgroup subsys io
[    3.378439] Initializing cgroup subsys memory
[    3.385983] Initializing cgroup subsys devices
[    3.387868] Initializing cgroup subsys freezer
[    3.407499] Initializing cgroup subsys net_cls
[    3.421591] Initializing cgroup subsys perf_event
[    3.423005] Initializing cgroup subsys net_prio
[    3.429808] Initializing cgroup subsys hugetlb
[    3.436871] Initializing cgroup subsys pids
[    3.449886] CPU: Physical Processor ID: 0
[    3.489550] CPU: Processor Core ID: 0
[    3.535313] mce: CPU supports 0 MCE banks
[    3.569166] Last level iTLB entries: 4KB 1024, 2MB 1024, 4MB 1024
[    3.605060] Last level dTLB entries: 4KB 1024, 2MB 1024, 4MB 1024, 1GB 4
[    3.659450] Freeing SMP alternatives memory: 32K (ffffffff820b8000 - ffffffff820c0000)
[    3.715380] ftrace: allocating 32120 entries in 126 pages
[    3.800683] smpboot: APIC(0) Converting physical 0 to logical package 0
[    3.849647] smpboot: Max logical packages: 1
[    3.889917] x2apic enabled
[    3.938419] Switched APIC routing to physical x2apic.
[    4.005831] ..TIMER: vector=0x30 apic1=0 pin1=2 apic2=-1 pin2=-1
[    4.179768] APIC calibration not consistent with PM-Timer: 101ms instead of 100ms
[    4.250237] APIC delta adjusted to PM-Timer: 6249936 (6313457)
[    4.285826] smpboot: CPU0: Intel(R) Core(TM) i5-4258U CPU @ 2.40GHz (family: 0x6, model: 0x45, stepping: 0x1)
[    4.328522] Performance Events: unsupported p6 CPU model 69 no PMU driver, software events only.
[    4.360137] KVM setup paravirtual spinlock
[    4.396626] x86: Booting SMP configuration:
[    4.399569] .... node  #0, CPUs:      #1
[    4.406146] kvm-clock: cpu 1, msr 0:3ffe3041, secondary cpu clock
[    4.467167] mce: CPU supports 0 MCE banks
[    4.489970] x86: Booted up 1 node, 2 CPUs
[    4.503742] smpboot: Total of 2 processors activated (9599.99 BogoMIPS)
[    4.511922] devtmpfs: initialized
[    4.521680] evm: security.selinux
[    4.537507] evm: security.SMACK64
[    4.549139] evm: security.SMACK64EXEC
[    4.552666] evm: security.SMACK64TRANSMUTE
[    4.562154] evm: security.SMACK64MMAP
[    4.579873] evm: security.ima
[    4.580896] evm: security.capability
[    4.593304] clocksource: jiffies: mask: 0xffffffff max_cycles: 0xffffffff, max_idle_ns: 7645041785100000 ns
[    4.639981] futex hash table entries: 512 (order: 3, 32768 bytes)
[    4.669262] pinctrl core: initialized pinctrl subsystem
[    4.679650] RTC time: 14:34:54, date: 06/25/17
[    4.702663] NET: Registered protocol family 16
[    4.726391] cpuidle: using governor ladder
[    4.750242] cpuidle: using governor menu
[    4.767344] PCCT header not found.
[    4.798274] ACPI: bus type PCI registered
[    4.819695] acpiphp: ACPI Hot Plug PCI Controller Driver version: 0.5
[    4.838851] PCI: Using configuration type 1 for base access
[    4.872104] ACPI: Added _OSI(Module Device)
[    4.890442] ACPI: Added _OSI(Processor Device)
[    4.907285] ACPI: Added _OSI(3.0 _SCP Extensions)
[    4.911754] ACPI: Added _OSI(Processor Aggregator Device)
[    4.938824] ACPI: Executed 1 blocks of module-level executable AML code
[    4.943660] ACPI: Interpreter enabled
[    4.954970] ACPI: (supports S0 S5)
[    4.955825] ACPI: Using IOAPIC for interrupt routing
[    4.957118] PCI: Using host bridge windows from ACPI; if necessary, use "pci=nocrs" and report a bug
[    5.002575] ACPI: PCI Root Bridge [PCI0] (domain 0000 [bus 00-ff])
[    5.039202] acpi PNP0A03:00: _OSC: OS supports [ASPM ClockPM Segments MSI]
[    5.060987] acpi PNP0A03:00: _OSC failed (AE_NOT_FOUND); disabling ASPM
[    5.070836] acpi PNP0A03:00: fail to add MMCONFIG information, can't access extended PCI configuration space under this bridge.
[    5.153015] PCI host bridge to bus 0000:00
[    5.187322] pci_bus 0000:00: root bus resource [io  0x0000-0x0cf7 window]
[    5.250829] pci_bus 0000:00: root bus resource [io  0x0d00-0xffff window]
[    5.261523] pci_bus 0000:00: root bus resource [mem 0x000a0000-0x000bffff window]
[    5.303767] pci_bus 0000:00: root bus resource [mem 0x40000000-0xffdfffff window]
[    5.374889] pci_bus 0000:00: root bus resource [bus 00-ff]
[    5.378117] pci 0000:00:01.1: legacy IDE quirk: reg 0x10: [io  0x01f0-0x01f7]
[    5.415422] pci 0000:00:01.1: legacy IDE quirk: reg 0x14: [io  0x03f6]
[    5.483250] pci 0000:00:01.1: legacy IDE quirk: reg 0x18: [io  0x0170-0x0177]
[    5.528918] pci 0000:00:01.1: legacy IDE quirk: reg 0x1c: [io  0x0376]
[    5.604658] pci 0000:00:07.0: quirk: [io  0x4000-0x403f] claimed by PIIX4 ACPI
[    5.718223] pci 0000:00:07.0: quirk: [io  0x4100-0x410f] claimed by PIIX4 SMB
[    5.750668] ACPI: PCI Interrupt Link [LNKA] (IRQs 5 9 10 *11)
[    5.766877] ACPI: PCI Interrupt Link [LNKB] (IRQs 5 9 10 *11)
[    5.773305] ACPI: PCI Interrupt Link [LNKC] (IRQs 5 9 *10 11)
[    5.786016] ACPI: PCI Interrupt Link [LNKD] (IRQs 5 *9 10 11)
[    5.824406] ACPI: Enabled 2 GPEs in block 00 to 07
[    5.851185] vgaarb: setting as boot device: PCI:0000:00:02.0
[    5.852493] vgaarb: device added: PCI:0000:00:02.0,decodes=io+mem,owns=io+mem,locks=none
[    5.856432] vgaarb: loaded
[    5.857317] vgaarb: bridge control possible 0000:00:02.0
[    5.860594] SCSI subsystem initialized
[    5.865494] ACPI: bus type USB registered
[    5.868026] usbcore: registered new interface driver usbfs
[    5.884075] usbcore: registered new interface driver hub
[    5.895322] usbcore: registered new device driver usb
[    5.899060] PCI: Using ACPI for IRQ routing
[    5.946920] NetLabel: Initializing
[    5.956091] NetLabel:  domain hash size = 128
[    5.973261] NetLabel:  protocols = UNLABELED CIPSOv4
[    5.980627] NetLabel:  unlabeled traffic allowed by default
[    5.989680] amd_nb: Cannot enumerate AMD northbridges
[    6.002569] clocksource: Switched to clocksource kvm-clock
[    6.047710] AppArmor: AppArmor Filesystem Enabled
[    6.054630] pnp: PnP ACPI init
[    6.056454] pnp: PnP ACPI: found 3 devices
[    6.085585] clocksource: acpi_pm: mask: 0xffffff max_cycles: 0xffffff, max_idle_ns: 2085701024 ns
[    6.133763] NET: Registered protocol family 2
[    6.135378] TCP established hash table entries: 8192 (order: 4, 65536 bytes)
[    6.163941] TCP bind hash table entries: 8192 (order: 5, 131072 bytes)
[    6.165448] TCP: Hash tables configured (established 8192 bind 8192)
[    6.166839] UDP hash table entries: 512 (order: 2, 16384 bytes)
[    6.184442] UDP-Lite hash table entries: 512 (order: 2, 16384 bytes)
[    6.196751] NET: Registered protocol family 1
[    6.203543] pci 0000:00:00.0: Limiting direct PCI/PCI transfers
[    6.210691] pci 0000:00:01.0: Activating ISA DMA hang workarounds
[    6.216228] Unpacking initramfs...
[    8.505119] Freeing initrd memory: 10772K (ffff880036ae6000 - ffff88003756b000)
[    8.553769] RAPL PMU detected, API unit is 2^-32 Joules, 4 fixed counters 10737418240 ms ovfl timer
[    8.631494] hw unit of domain pp0-core 2^-0 Joules
[    8.641073] hw unit of domain package 2^-0 Joules
[    8.691797] hw unit of domain dram 2^-0 Joules
[    8.731292] hw unit of domain pp1-gpu 2^-0 Joules
[    8.737919] platform rtc_cmos: registered platform RTC device (no PNP device found)
[    8.825822] Scanning for low memory corruption every 60 seconds
[    8.837764] audit: initializing netlink subsys (disabled)
[    8.890520] audit: type=2000 audit(1498401302.821:1): initialized
[    8.991750] Initialise system trusted keyring
[    9.012872] HugeTLB registered 2 MB page size, pre-allocated 0 pages
[    9.073921] zbud: loaded
[    9.105946] VFS: Disk quotas dquot_6.6.0
[    9.183410] VFS: Dquot-cache hash table entries: 512 (order 0, 4096 bytes)
[    9.241064] squashfs: version 4.0 (2009/01/31) Phillip Lougher
[    9.248643] fuse init (API version 7.23)
[    9.250238] Key type big_key registered
[    9.253925] Allocating IMA MOK and blacklist keyrings.
[    9.260458] Key type asymmetric registered
[    9.279713] Asymmetric key parser 'x509' registered
[    9.280884] Block layer SCSI generic (bsg) driver version 0.4 loaded (major 249)
[    9.282733] io scheduler noop registered
[    9.283689] io scheduler deadline registered (default)
[    9.312843] io scheduler cfq registered
[    9.328193] pci_hotplug: PCI Hot Plug PCI Core version: 0.5
[    9.335770] pciehp: PCI Express Hot Plug Controller Driver version: 0.4
[    9.355101] ACPI: AC Adapter [AC] (on-line)
[    9.372045] input: Power Button as /devices/LNXSYSTM:00/LNXPWRBN:00/input/input0
[    9.388736] ACPI: Power Button [PWRF]
[    9.413633] input: Sleep Button as /devices/LNXSYSTM:00/LNXSLPBN:00/input/input1
[    9.415451] ACPI: Sleep Button [SLPF]
[    9.416664] GHES: HEST is not enabled!
[    9.417827] ACPI: Battery Slot [BAT0] (battery present)
[    9.439385] Serial: 8250/16550 driver, 32 ports, IRQ sharing enabled
[    9.482998] 00:02: ttyS0 at I/O 0x3f8 (irq = 4, base_baud = 115200) is a 16550A
[    9.505391] Linux agpgart interface v0.103
[    9.510223] loop: module loaded
[    9.523389] scsi host0: ata_piix
[    9.533038] scsi host1: ata_piix
[    9.557570] ata1: PATA max UDMA/33 cmd 0x1f0 ctl 0x3f6 bmdma 0xd000 irq 14
[    9.568659] ata2: PATA max UDMA/33 cmd 0x170 ctl 0x376 bmdma 0xd008 irq 15
[    9.579773] libphy: Fixed MDIO Bus: probed
[    9.593072] tun: Universal TUN/TAP device driver, 1.6
[    9.648615] tun: (C) 1999-2004 Max Krasnyansky <maxk@qualcomm.com>
[    9.650360] PPP generic driver version 2.4.2
[    9.664155] ehci_hcd: USB 2.0 'Enhanced' Host Controller (EHCI) Driver
[    9.665680] ehci-pci: EHCI PCI platform driver
[    9.666732] ehci-platform: EHCI generic platform driver
[    9.671780] ohci_hcd: USB 1.1 'Open' Host Controller (OHCI) Driver
[    9.710003] ohci-pci: OHCI PCI platform driver
[    9.727767] ohci-platform: OHCI generic platform driver
[    9.746719] tsc: Refined TSC clocksource calibration: 2400.542 MHz
[    9.748393] clocksource: tsc: mask: 0xffffffffffffffff max_cycles: 0x229a377d8a0, max_idle_ns: 440795212341 ns
[    9.773745] uhci_hcd: USB Universal Host Controller Interface driver
[    9.781677] i8042: PNP: PS/2 Controller [PNP0303:PS2K,PNP0f03:PS2M] at 0x60,0x64 irq 1,12
[    9.810405] serio: i8042 KBD port at 0x60,0x64 irq 1
[    9.840788] serio: i8042 AUX port at 0x60,0x64 irq 12
[    9.915514] mousedev: PS/2 mouse device common for all mice
[    9.954905] rtc_cmos rtc_cmos: rtc core: registered rtc_cmos as rtc0
[   10.007905] input: AT Translated Set 2 keyboard as /devices/platform/i8042/serio0/input/input2
[   10.066769] rtc_cmos rtc_cmos: alarms up to one day, 114 bytes nvram
[   10.085391] i2c /dev entries driver
[   10.086338] device-mapper: uevent: version 1.0.3
[   10.115242] device-mapper: ioctl: 4.34.0-ioctl (2015-10-28) initialised: dm-devel@redhat.com
[   10.122012] ledtrig-cpu: registered to indicate activity on CPUs
[   10.136681] NET: Registered protocol family 10
[   10.145495] NET: Registered protocol family 17
[   10.168370] Key type dns_resolver registered
[   10.187732] microcode: CPU0 sig=0x40651, pf=0x40, revision=0x0
[   10.207818] microcode: CPU1 sig=0x40651, pf=0x40, revision=0x0
[   10.228075] microcode: Microcode Update Driver: v2.01 <tigran@aivazian.fsnet.co.uk>, Peter Oruba
[   10.234137] registered taskstats version 1
[   10.238155] Loading compiled-in X.509 certificates
[   10.253444] Loaded X.509 cert 'Build time autogenerated kernel key: 779fd75203f0d36b99b83c7328fac831ec7adf9e'
[   10.260004] zswap: loaded using pool lzo/zbud
[   10.268450] Key type trusted registered
[   10.286027] Key type encrypted registered
[   10.296180] AppArmor: AppArmor sha1 policy hashing enabled
[   10.301239] ima: No TPM chip found, activating TPM-bypass!
[   10.308473] evm: HMAC attrs: 0x1
[   10.315172]   Magic number: 5:393:587
[   10.330251] rtc_cmos rtc_cmos: setting system clock to 2017-06-25 14:34:59 UTC (1498401299)
[   10.351532] BIOS EDD facility v0.16 2004-Jun-25, 0 devices found
[   10.386967] EDD information not available.
[   10.415986] Freeing unused kernel memory: 1484K (ffffffff81f45000 - ffffffff820b8000)
[   10.423229] Write protecting the kernel read-only data: 14336k
[   10.441880] Freeing unused kernel memory: 1760K (ffff880001848000 - ffff880001a00000)
[   10.460698] Freeing unused kernel memory: 112K (ffff880001de4000 - ffff880001e00000)
Loading, please [   10.512463] random: systemd-udevd: uninitialized urandom read (16 bytes read, 3 bits of entropy available)
wait...
startin[   10.513771] random: udevadm: uninitialized urandom read (16 bytes read, 3 bits of entropy available)
g version 229
[   10.513821] random: udevadm: uninitialized urandom read (16 bytes read, 3 bits of entropy available)
[   10.513969] random: udevadm: uninitialized urandom read (16 bytes read, 3 bits of entropy available)
[   10.514007] random: udevadm: uninitialized urandom read (16 bytes read, 3 bits of entropy available)
[   10.514042] random: udevadm: uninitialized urandom read (16 bytes read, 3 bits of entropy available)
[   10.514078] random: udevadm: uninitialized urandom read (16 bytes read, 3 bits of entropy available)
[   10.514111] random: udevadm: uninitialized urandom read (16 bytes read, 3 bits of entropy available)
[   10.514143] random: udevadm: uninitialized urandom read (16 bytes read, 3 bits of entropy available)
[   10.514178] random: udevadm: uninitialized urandom read (16 bytes read, 3 bits of entropy available)
[   10.694153] e1000: Intel(R) PRO/1000 Network Driver - version 7.3.21-k8-NAPI
[   10.819514] e1000: Copyright (c) 1999-2006 Intel Corporation.
[   10.865962] Fusion MPT base driver 3.04.20
[   10.882511] Copyright (c) 1999-2008 LSI Corporation
[   10.908944] Fusion MPT SPI Host driver 3.04.20
[   10.996658] AVX version of gcm_enc/dec engaged.
[   11.018621] AES CTR mode by8 optimization enabled
[   11.064110] input: ImExPS/2 Generic Explorer Mouse as /devices/platform/i8042/serio1/input/input4
[   11.324400] e1000 0000:00:03.0 eth0: (PCI:33MHz:32-bit) 02:a6:9f:cf:fa:b5
[   11.328218] e1000 0000:00:03.0 eth0: Intel(R) PRO/1000 Network Connection
[   11.331416] e1000 0000:00:03.0 enp0s3: renamed from eth0
[   11.338669] mptbase: ioc0: Initiating bringup
[   11.403106] ioc0: LSI53C1030 A0: Capabilities={Initiator}
[   11.597976] scsi host2: ioc0: LSI53C1030 A0, FwRev=00000000h, Ports=1, MaxQ=256, IRQ=20
[   11.727847] scsi 2:0:0:0: Direct-Access     VBOX     HARDDISK         1.0  PQ: 0 ANSI: 5
[   11.862236] scsi target2:0:0: Beginning Domain Validation
[   11.896653] scsi target2:0:0: Domain Validation skipping write tests
[   11.978411] scsi target2:0:0: Ending Domain Validation
[   12.058966] scsi target2:0:0: asynchronous
[   12.114266] scsi 2:0:1:0: Direct-Access     VBOX     HARDDISK         1.0  PQ: 0 ANSI: 5
[   12.152048] scsi target2:0:1: Beginning Domain Validation
[   12.166003] scsi target2:0:1: Domain Validation skipping write tests
[   12.205205] scsi target2:0:1: Ending Domain Validation
[   12.249467] scsi target2:0:1: asynchronous
[   12.263600] sd 2:0:0:0: [sda] 20971520 512-byte logical blocks: (10.7 GB/10.0 GiB)
[   12.263676] sd 2:0:0:0: Attached scsi generic sg0 type 0
[   12.264384] sd 2:0:1:0: Attached scsi generic sg1 type 0
[   12.264641] sd 2:0:1:0: [sdb] 20480 512-byte logical blocks: (10.5 MB/10.0 MiB)
[   12.264914] sd 2:0:1:0: [sdb] Write Protect is off
[   12.265062] sd 2:0:1:0: [sdb] Incomplete mode parameter data
[   12.265063] sd 2:0:1:0: [sdb] Assuming drive cache: write through
[   12.268889] sd 2:0:1:0: [sdb] Attached SCSI disk
[   12.453556] sd 2:0:0:0: [sda] Write Protect is off
[   12.507695] sd 2:0:0:0: [sda] Incomplete mode parameter data
[   12.587797] sd 2:0:0:0: [sda] Assuming drive cache: write through
[   12.610747]  sda: sda1
[   12.623311] sd 2:0:0:0: [sda] Attached SCSI disk
[   13.859246] floppy0: no floppy controllers found
Begin: Loading e[   15.354465] md: linear personality registered for level -1
ssential drivers[   15.422690] md: multipath personality registered for level -4
 ... [   15.478041] md: raid0 personality registered for level 0
[   15.522153] md: raid1 personality registered for level 1
[   15.666905] raid6: sse2x1   gen()  6761 MB/s
[   15.774652] raid6: sse2x1   xor()  5663 MB/s
[   15.862612] raid6: sse2x2   gen()  7673 MB/s
[   15.946651] raid6: sse2x2   xor()  6237 MB/s
[   16.039065] raid6: sse2x4   gen()  6694 MB/s
[   16.110606] raid6: sse2x4   xor()  3333 MB/s
[   16.176350] raid6: using algorithm sse2x2 gen() 7673 MB/s
[   16.208140] raid6: .... xor() 6237 MB/s, rmw enabled
[   16.267656] raid6: using ssse3x2 recovery algorithm
[   16.315525] xor: automatically using best checksumming function:
[   16.386632]    avx       : 18736.000 MB/sec
[   16.389698] async_tx: api initialized (async)
[   16.444735] md: raid6 personality registered for level 6
[   16.465024] md: raid5 personality registered for level 5
[   16.510258] md: raid4 personality registered for level 4
[   16.574565] md: raid10 personality registered for level 10
done.
Begin: Running /scripts/init-premount ... done[   16.647349] Btrfs loaded
.
Begin: Mounting root file system ... Begin: Running /scripts/local-top ... done.
Begin: Runn[   16.723718] EXT4-fs (sda1): mounted filesystem with ordered data mode. Opts: (null)
ing /scripts/local-premount ... Scanning for Btrfs filesystems
done.
Warning: fsck not present, so skipping root file system
done.
Begin: Running /scripts/local-bottom ... done.
Begin: Running /scripts/init-bottom ... done.
[   16.926143] systemd[1]: systemd 229 running in system mode. (+PAM +AUDIT +SELINUX +IMA +APPARMOR +SMACK +SYSVINIT +UTMP +LIBCRYPTSETUP +GCRYPT +GNUTLS +ACL +XZ -LZ4 +SECCOMP +BLKID +ELFUTILS +KMOD -IDN)
[   17.067429] systemd[1]: Detected virtualization oracle.
[   17.091806] systemd[1]: Detected architecture x86-64.

Welcome to [1mUbuntu 16.04.2 LTS[0m!

[   17.183729] systemd[1]: Set hostname to <ubuntu>.
[   17.232250] systemd[1]: Initializing machine ID from random generator.
[   17.258472] systemd[1]: Installed transient /etc/machine-id file.
[   17.464852] systemd[1]: Created slice System Slice.
[[0;32m  OK  [0m] Created slice System Slice.
[   17.538870] systemd[1]: Reached target User and Group Name Lookups.
[[0;32m  OK  [0m] Reached target User and Group Name Lookups.
[   17.619607] systemd[1]: Set up automount Arbitrary Executable File Formats File System Automount Point.
[[0;32m  OK  [0m] Set up automount Arbitrary Executab...ats File System Automount Point.
[   17.759079] systemd[1]: Started Forward Password Requests to Wall Directory Watch.
[[0;32m  OK  [0m] Started Forward Password Requests to Wall Directory Watch.
[   17.827141] systemd[1]: Listening on Journal Socket (/dev/log).
[[0;32m  OK  [0m] Listening on Journal Socket (/dev/log).
[   17.867344] systemd[1]: Reached target Swap.
[[0;32m  OK  [0m] Reached target Swap.
[   17.891152] systemd[1]: Listening on /dev/initctl Compatibility Named Pipe.
[[0;32m  OK  [0m] Listening on /dev/initctl Compatibility Named Pipe.
[   17.942317] systemd[1]: Listening on LVM2 metadata daemon socket.
[[0;32m  OK  [0m] Listening on LVM2 metadata daemon socket.
[   18.075097] systemd[1]: Reached target Encrypted Volumes.
[[0;32m  OK  [0m] Reached target Encrypted Volumes.
[   18.127102] systemd[1]: Listening on udev Control Socket.
[[0;32m  OK  [0m] Listening on udev Control Socket.
[   18.211695] systemd[1]: Created slice system-serial\x2dgetty.slice.
[[0;32m  OK  [0m] Created slice system-serial\x2dgetty.slice.
[   18.295822] systemd[1]: Listening on Device-mapper event daemon FIFOs.
[[0;32m  OK  [0m] Listening on Device-mapper event daemon FIFOs.
[   18.323198] systemd[1]: Created slice User and Session Slice.
[[0;32m  OK  [0m] Created slice User and Session Slice.
[   18.411330] systemd[1]: Reached target Slices.
[[0;32m  OK  [0m] Reached target Slices.
[   18.431213] systemd[1]: Listening on Syslog Socket.
[[0;32m  OK  [0m] Listening on Syslog Socket.
[   18.474866] systemd[1]: Started Trigger resolvconf update for networkd DNS.
[[0;32m  OK  [0m] Started Trigger resolvconf update for networkd DNS.
[   18.535544] systemd[1]: Listening on Journal Socket.
[[0;32m  OK  [0m] Listening on Journal Socket.
[   18.570980] systemd[1]: Mounting POSIX Message Queue File System...
         Mounting POSIX Message Queue File System...
[   18.632407] systemd[1]: Mounting Debug File System...
         Mounting Debug File System...
[   18.718842] systemd[1]: Starting Uncomplicated firewall...
         Starting Uncomplicated firewall...
[   18.807486] systemd[1]: Starting Create list of required static device nodes for the current kernel...
         Starting Create list of required st... nodes for the current kernel...
[   18.875135] systemd[1]: Mounting Huge Pages File System...
         Mounting Huge Pages File System...
[   18.978728] systemd[1]: Starting Nameserver information manager...
         Starting Nameserver information manager...
[   19.047481] systemd[1]: Starting Load Kernel Modules...
[   19.068665] Loading iSCSI transport class v2.0-870.
         Startin[   19.185137] random: nonblocking pool is initialized
g Load Kernel Mo[   19.233720] iscsi: registered transport (tcp)
dules...
[   19.291028] systemd[1]: Starting Monitoring of LVM2 mirrors, snapshots etc. using dmeventd or progress polling...
[   19.340655] iscsi: registered transport (iser)
         Starting Monitoring of LVM2 mirrors... dmeventd or progress polling...
[   19.443459] systemd[1]: Starting Set console keymap...
         Starting Set console keymap...
[   19.496288] systemd[1]: Listening on LVM2 poll daemon socket.
[[0;32m  OK  [0m] Listening on LVM2 poll daemon socket.
[   19.571434] systemd[1]: Listening on Journal Audit Socket.
[[0;32m  OK  [0m] Listening on Journal Audit Socket.
[   19.707237] systemd[1]: Starting Journal Service...
         Starting Journal Service...
[   19.783078] systemd[1]: Listening on udev Kernel Socket.
[[0;32m  OK  [0m] Listening on udev Kernel Socket.
[   19.934879] systemd[1]: Starting Remount Root and Kernel File Systems...
         [   20.003481] EXT4-fs (sda1): re-mounted. Opts: (null)
Starting Remount Root and Kernel File Systems...
[   20.027631] systemd[1]: Mounted POSIX Message Queue File System.
[[0;32m  OK  [0m] Mounted POSIX Message Queue File System.
[   20.082794] systemd[1]: Mounted Huge Pages File System.
[[0;32m  OK  [0m] Mounted Huge Pages File System.
[   20.162989] systemd[1]: Mounted Debug File System.
[[0;32m  OK  [0m] Mounted Debug File System.
[   20.203721] systemd[1]: Started Journal Service.
[[0;32m  OK  [0m] Started Journal Service.
[[0;32m  OK  [0m] Started Uncomplicated firewall.
[[0;32m  OK  [0m] Started Create list of required sta...ce nodes for the current kernel.
[[0;32m  OK  [0m] Started Load Kernel Modules.
[[0;32m  OK  [0m] Started Set console keymap.
[[0;32m  OK  [0m] Started Remount Root and Kernel File Systems.
[[0;32m  OK  [0m] Started Nameserver information manager.
[[0;32m  OK  [0m] Started LVM2 metadata daemon.
         Starting udev Coldplug all Devices...
         Starting Load/Save Random Seed...
         Starting Initial cloud-init job (pre-networking)...
         Mounting FUSE Control File System...
         Starting Apply Kernel Variables...
         Starting Create Static Device Nodes in /dev...
         Starting Flush Journal to Persistent Storage...
[[0;32m  OK  [0m] Mounted FUSE Control File System.
[[0;32m  OK  [0m] Started Monitoring of LVM2 mirrors,...ng dmeventd or progress polling.
[[0;32m  OK  [0m] Started Load/Save Random Seed.
[[0;32m  OK  [0m] Started Apply Kernel Variables.
[[0;32m  OK  [0m] Started Create Static Device Nodes in /dev.
[[0;32m  OK  [0m] Started udev Coldplug all Devices.
         Starting udev Kernel Device Manager...
[[0;32m  OK  [0m] Started Flush Journal to Persistent Storage.
[[0;32m  OK  [0m] Started udev Kernel Device Manager.
[[0;32m  OK  [0m] Reached target Local File Systems (Pre).
[[0;32m  OK  [0m] Reached target Local File Systems.
         Starting Set console font and keymap...
         Starting LSB: AppArmor initialization...
         Starting Tell Plymouth To Write Out Runtime Data...
         Starting Commit a transient machine-id on disk...
[[0;32m  OK  [0m] Started Dispatch Password Requests to Console Directory Watch.
         Starting Create Volatile Files and Directories...
[[0;32m  OK  [0m] Started Tell Plymouth To Write Out Runtime Data.
[[0;32m  OK  [0m] Started Commit a transient machine-id on disk.
[   16.867367] cloud-init[448]: Cloud-init v. 0.7.9 running 'init-local' at Sun, 25 Jun 2017 14:35:10 +0000. Up 16.42 seconds.
[[0;32m  OK  [0m] Started Create Volatile Files and Directories.
[[0;32m  OK  [0m] Started Set console font and keymap.
[[0;32m  OK  [0m] Started Initial cloud-init job (pre-networking).
[[0;32m  OK  [0m] Found device /dev/ttyS0.
[[0;32m  OK  [0m] Listening on Load/Save RF Kill Switch Status /dev/rfkill Watch.
[[0;32m  OK  [0m] Reached target Network (Pre).
[[0;32m  OK  [0m] Created slice system-getty.slice.
[[0;32m  OK  [0m] Reached target System Time Synchronized.
         Starting Update UTMP about System Boot/Shutdown...
[[0;32m  OK  [0m] Started Update UTMP about System Boot/Shutdown.
[[0;32m  OK  [0m] Started LSB: AppArmor initialization.
         Starting Raise network interfaces...
[[0;32m  OK  [0m] Started Raise network interfaces.
         Starting Initial cloud-init job (metadata service crawler)...
[[0;32m  OK  [0m] Reached target Network.
[   20.714876] cloud-init[927]: Cloud-init v. 0.7.9 running 'init' at Sun, 25 Jun 2017 14:35:14 +0000. Up 19.75 seconds.
[   20.828675] cloud-init[927]: ci-info: +++++++++++++++++++++++++++++++++++++Net device info++++++++++++++++++++++++++++++++++++++
[   20.828993] cloud-init[927]: ci-info: +--------+------+----------------------------+---------------+-------+-------------------+
[[0;32m  OK  [0m] Started Initial cloud-init job (metadata service crawler).
[   20.829126] cloud-init[927]: ci-info: | Device |  Up  |          Address           |      Mask     | Scope |     Hw-Address    |
[   20.984717] cloud-init[927]: ci-info: +--------+------+----------------------------+---------------+-------+-------------------+
[   20.985308] cloud-init[927]: ci-info: |   lo   | True |         127.0.0.1          |   255.0.0.0   |   .   |         .         |
[[0;32m  OK  [0m] Reached target System Initialization.
[   20.985435] cloud-init[927]: ci-info: |   lo   | True |          ::1/128           |       .       |  host |         .         |
[   21.105058] cloud-init[927]: ci-info: | enp0s3 | True |         10.0.2.15          | 255.255.255.0 |   .   | 02:a6:9f:cf:fa:b5 |
[[0;32m  OK  [0m] Listening on ACPID Listen Socket.
[   21.105141] cloud-init[927]: ci-info: | enp0s3 | True | fe80::a6:9fff:fecf:fab5/64 |       .       |  link | 02:a6:9f:cf:fa:b5 |
[   21.183440] cloud-init[927]: ci-info: +--------+------+----------------------------+---------------+-------+-------------------+
[[0;32m  OK  [0m] Started Daily Cleanup of Temporary Directories.
[[   21.183616] cloud-init[927]: ci-info: +++++++++++++++++++++++++++Route IPv4 info++++++++++++++++++++++++++++
[   21.373074] cloud-init[927]: ci-info: +-------+-------------+----------+---------------+-----------+-------+
[0;32m  OK  [0m] Started Timer to automatically refresh installed snaps.
[   21.373253] cloud-init[927]: ci-info: | Route | Destination | Gateway  |    Genmask    | Interface | Flags |
         [   21.520100] Starting Socket activation for snappy daemon.cloud-init
[927]: ci-info: +-------+-------------+----------+---------------+-----------+-------+
[   21.520781] cloud-init[927]: ci-info: |   0   |   0.0.0.0   | 10.0.2.2 |    0.0.0.0    |   enp0s3  |   UG  |
[   21.673292] cloud-init[927]: ci-info: |   1   |   10.0.2.0  | 0.0.0.0  | 255.255.255.0 |   enp0s3  |   U   |
[   21.673740] cloud-init[927]: ci-info: +-------+-------------+----------+---------------+-----------+-------+
[[0;32m  OK  [0m] Started ACPI Events Check.
[[   21.674053] cloud-init[927]: Generating public/private rsa key pair.
[   21.800712] cloud-init[927]: Your identification has been saved in /etc/ssh/ssh_host_rsa_key.
[0;32m  OK  [0m] Reached target Paths.
[[   21.800833] cloud-init[927]: Your public key has been saved in /etc/ssh/ssh_host_rsa_key.pub.
[   21.850104] cloud-init[927]: The key fingerprint is:
[   21.850226] cloud-init[927]: SHA256:zRfIwHhaJ0kE0MwEAlIGg3tbmBsbqZAKCki/MRcbPrI root@ubuntu-xenial
[   21.850410] cloud-init[927]: The key's randomart image is:
[0;32m  OK  [0m] Listening on UUID daemon activation socket.
[   21.850617] cloud-init[927]: +---[RSA 2048]----+
[   21.972433] cloud-init[927]: |*++ oBo*+.       |
[   21.973059] cloud-init[927]: |o+ . o= *o..     |
[[0;32m  OK  [0m] Listening on D-Bus System Message Bus Socket.
[   21.973453] cloud-init[927]: |oo.+. ++ oo .    |
[   21.989958] cloud-init[927]: |B B=.=.  o   .   |
[   21.990331] cloud-init[927]: |*o BB . S o .    |
         Starting LXD - unix socket.
[   21.990596] cloud-init[927]: |+ +E       .     |
[   22.032965] cloud-init[927]: |                 |
[[0;32m  OK  [0m] Started Daily apt activities.
[   22.033204] cloud-init[927]: |                 |
[   22.141853] cloud-init[927]: |                 |
[[0;32m  OK  [0m] Reached target Timers.
[   22.142018] cloud-init[927]: +----[SHA256]-----+
[   22.216908] cloud-init[927]: Generating public/private dsa key pair.
[[0;32m  OK  [0m] Reached target Network is Online.
[   22.217103] cloud-init[927]: Your identification has been saved in /etc/ssh/ssh_host_dsa_key.
[   22.384486] cloud-init[927]: Your public key has been saved in /etc/ssh/ssh_host_dsa_key.pub.
[   22.384862] cloud-init[927]: The key fingerprint is:
         Starting iSCSI initiator daemon (iscsid)...
[[   22.385040] cloud-init[927]: SHA256:5+5JXX/vZeUJlbI6Z8PdWTkL7OlCLHolh7jQDW0DQmo root@ubuntu-xenial
[0;32m  OK  [0m] Reached target Cloud-config availability.
[   22.438753] cloud-init[927]: The key's randomart image is:
[   22.532520] cloud-init[927]: +---[DSA 1024]----+
[   22.532946] cloud-init[927]: |    ..           |
[[0;32m  OK  [0m] Listening on Socket activation for snappy daemon.
[   22.533201] cloud-init[927]: |    .. .        .|
[   22.635900] cloud-init[927]: |   E  . o    . o |
[[0;32m  OK  [0m] Listening on LXD - unix socket.
[   22.636121] cloud-init[927]: |  .    . +  . + .|
[   22.784958] cloud-init[927]: |      . S =  =.oo|
[   22.785300] cloud-init[927]: |     . o B *+.=oO|
[[0;32m  OK  [0m] Reached target Sockets.
[   22.785482] cloud-init[927]: |      . o Oo.B =B|
[   22.871285] cloud-init[927]: |       o + o= ..+|
[[0;32m  OK  [0m] Reached target Basic System.
[   22.871414] cloud-init[927]: |        ..+ .. .o|
[   23.020827] cloud-init[927]: +----[SHA256]-----+
[   23.021248] cloud-init[927]: Generating public/private ecdsa key pair.
[[0;32m  OK  [0m] Started Deferred execution scheduler.
[   23.021451] cloud-init[927]: Your identification has been saved in /etc/ssh/ssh_host_ecdsa_key.
[   23.180703] cloud-init[927]: Your public key has been saved in /etc/ssh/ssh_host_ecdsa_key.pub.
[   23.181207] cloud-init[927]: The key fingerprint is:
         Starting Accounts Service...
[   23.181392] cloud-init[927]: SHA256:ak2Jt/ekwsn1gT27HWPXm+jvEpYY56FXso1tr0YhLLE root@ubuntu-xenial
[   23.304456] cloud-init[927]: The key's randomart image is:
[   23.305114] cloud-init[927]: +---[ECDSA 256]---+
[[0;32m  OK  [0m] Started Regular background program processing daemon.
[   23.306740] cloud-init[927]: |                 |
[   23.370132] cloud-init[927]: |          .      |
[   23.370689] cloud-init[927]: |           +     |
         Starting Login Service...
[   23.370914] cloud-init[927]: |       . .E.o+.. |
[   23.412481] cloud-init[927]: |      . S  +*.X. |
[   23.413335] cloud-init[927]: |       = .oo+O.+.|
         [   23.413505] Starting Pollinate to seed the pseudo random number generator...cloud-init
[927]: |      oooo..+=* +|
[   23.413569] cloud-init[927]: |     .  =. +o+o++|
[   23.477692] cloud-init[927]: |         .. +=** |
[   23.478116] cloud-init[927]: +----[SHA256]-----+
[[0;32m  OK  [0m] Started FUSE filesystem for LXC.
         Starting LSB: MD monitoring daemon...
[   23.478322] cloud-init[927]: Generating public/private ed25519 key pair.
[   23.593085] [cloud-init[0;32m  OK  [0m[927]: ] Your identification has been saved in /etc/ssh/ssh_host_ed25519_key.Started D-Bus System Message Bus.

[   23.676908] cloud-init[927]: Your public key has been saved in /etc/ssh/ssh_host_ed25519_key.pub.
         Starting System Logging Service...[   23.677497] 
cloud-init[927]: The key fingerprint is:
[   23.781577] cloud-init[927]: SHA256:s6ZwXi83g38Tv443eVVO+wsl5YJGUNDiGZIazGgFu8E root@ubuntu-xenial
[   23.800826] cloud-init[927]: The key's randomart image is:
         [   23.801284] Starting LSB: Record successful boot for GRUB...cloud-init
[927]: +--[ED25519 256]--+
[   23.802536] cloud-init[927]: |   .*.  .o+.     |
[   23.892713] cloud-init[927]: |  .o.+ o o..     |
[   23.893351] cloud-init[927]: |  .E  o o +.   . |
         Starting LXD - container startup/shutdown...
[   23.893673] cloud-init[927]: |    o.   o. . o o|
[   24.029006] cloud-init[927]: |   .    S  o o =o|
[[0;32m  OK  [0m] Started Unattended Upgrades Shutdown.
[   24.029108] cloud-init[927]: |         o. . +.o|
[[0;32m  OK  [0m] Started ACPI event daemon.
[   24.126248] cloud-init[927]: |    . . +.   + .o|
[   24.180500] cloud-init[927]: |     + +o.+ o.* o|
         Starting Apply the settings specified in cloud-config...
[   24.181498] cloud-init[927]: |      o  +o+.+o=.|
[   24.244771] cloud-init[927]: +----[SHA256]-----+
         Starting /etc/rc.local Compatibility...
[[0;32m  OK  [0m] Started Snappy daemon.
         Starting Auto import assertions from block devices...
[[0;32m  OK  [0m] Started System Logging Service.
[[0;32m  OK  [0m] Started iSCSI initiator daemon (iscsid).
[[0;32m  OK  [0m] Started Pollinate to seed the pseudo random number generator.
[[0;32m  OK  [0m] Started LXD - container startup/shutdown.
[[0;32m  OK  [0m] Started /etc/rc.local Compatibility.
[[0;32m  OK  [0m] Started Auto import assertions from block devices.
[[0;32m  OK  [0m] Started LSB: Record successful boot for GRUB.
[[0;32m  OK  [0m] Started LSB: MD monitoring daemon.
[[0;32m  OK  [0m] Started Login Service.
         Starting Authenticate and Authorize Users to Run Privileged Tasks...
         Starting OpenBSD Secure Shell server...
         Starting Login to default iSCSI targets...
[[0;32m  OK  [0m] Started OpenBSD Secure Shell server.
[[0;32m  OK  [0m] Started Authenticate and Authorize Users to Run Privileged Tasks.
[[0;32m  OK  [0m] Started Accounts Service.
[[0;32m  OK  [0m] Started Login to default iSCSI targets.
[[0;32m  OK  [0m] Reached target Remote File Systems (Pre).
[[0;32m  OK  [0m] Reached target Remote File Systems.
         Starting LSB: Set the CPU Frequency Scaling governor to "ondemand"...
         Starting LSB: VirtualBox Linux Additions...
         Starting Permit User Sessions...
         Starting LSB: automatic crash report generation...
[   25.999640] cloud-init[1106]: Generating locales (this might take a while)...
         Starting LSB: daemon to balance interrupts for SMP systems...
[[0;32m  OK  [0m] Started Permit User Sessions.
[[0;32m  OK  [0m] Started LSB: Set the CPU Frequency Scaling governor to "ondemand".
         Starting Terminate Plymouth Boot Screen...
         Starting Hold until boot process finishes up...
[[0;32m  OK  [0m] Started LSB: VirtualBox Linux Additions.
[[0;32m  OK  [0m] Started LSB: automatic crash report generation.
[[0;32m  OK  [0m] Started LSB: daemon to balance interrupts for SMP systems.
[[0;32m  OK  [0m] Started Terminate Plymouth Boot Screen.
[[0;32m  OK  [0m] Started Hold until boot process finishes up.
[[0;32m  OK  [0m] Started Serial Getty on ttyS0.
         Starting Set console scheme...
[[0;32m  OK  [0m] Started Getty on tty1.
[[0;32m  OK  [0m] Reached target Login Prompts.
[[0;32m  OK  [0m] Reached target Multi-User System.
[[0;32m  OK  [0m] Reached target Graphical Interface.
         Starting Update UTMP about System Runlevel Changes...
[[0;32m  OK  [0m] Started Set console scheme.
[[0;32m  OK  [0m] Started Update UTMP about System Runlevel Changes.
[   27.994624] cloud-init[1106]:   en_US.UTF-8... done
[   28.033635] cloud-init[1106]: Generation complete.
         Stopping OpenBSD Secure Shell server...
[[0;32m  OK  [0m] Stopped OpenBSD Secure Shell server.
         Starting OpenBSD Secure Shell server...
[[0;32m  OK  [0m] Started OpenBSD Secure Shell server.
[[0;32m  OK  [0m] Created slice User Slice of ubuntu.
         Starting User Manager for UID 1000...
[[0;32m  OK  [0m] Started Session 1 of user ubuntu.
[[0;32m  OK  [0m] Started User Manager for UID 1000.
[   28.914306] cloud-init[1106]: Cloud-init v. 0.7.9 running 'modules:config' at Sun, 25 Jun 2017 14:35:20 +0000. Up 25.70 seconds.
[[0;32m  OK  [0m] Started Apply the settings specified in cloud-config.
         Starting Execute cloud user/final scripts...
ci-info: no authorized ssh keys fingerprints found for user ubuntu.
<14>Jun 25 14:35:25 ec2: 
<14>Jun 25 14:35:25 ec2: #############################################################
<14>Jun 25 14:35:25 ec2: -----BEGIN SSH HOST KEY FINGERPRINTS-----
<14>Jun 25 14:35:25 ec2: 1024 SHA256:5+5JXX/vZeUJlbI6Z8PdWTkL7OlCLHolh7jQDW0DQmo root@ubuntu-xenial (DSA)
<14>Jun 25 14:35:25 ec2: 256 SHA256:ak2Jt/ekwsn1gT27HWPXm+jvEpYY56FXso1tr0YhLLE root@ubuntu-xenial (ECDSA)
<14>Jun 25 14:35:25 ec2: 256 SHA256:s6ZwXi83g38Tv443eVVO+wsl5YJGUNDiGZIazGgFu8E root@ubuntu-xenial (ED25519)
<14>Jun 25 14:35:25 ec2: 2048 SHA256:zRfIwHhaJ0kE0MwEAlIGg3tbmBsbqZAKCki/MRcbPrI root@ubuntu-xenial (RSA)
<14>Jun 25 14:35:25 ec2: -----END SSH HOST KEY FINGERPRINTS-----
<14>Jun 25 14:35:25 ec2: #############################################################
-----BEGIN SSH HOST KEY KEYS-----
ecdsa-sha2-nistp256 AAAAE2VjZHNhLXNoYTItbmlzdHAyNTYAAAAIbmlzdHAyNTYAAABBBH2Ori5HsIYz1EQ+UPiM9bD4X9NeF0ZLRAWqSL9+hlFc2ERBQjB00DYOOVKGhxjveSGDwN3yOlDmOcleh8Bi4Xw= root@ubuntu-xenial
ssh-ed25519 AAAAC3NzaC1lZDI1NTE5AAAAIIg1XtcZd5NjwGhUkojvv+Lq7s/eiu+IVVzwu74zZJSi root@ubuntu-xenial
ssh-rsa AAAAB3NzaC1yc2EAAAADAQABAAABAQDe7KjpcAk/xwYgx6oAE+V6QIDEGTuvCbTS0v9VDHEe25JdbXp/4dfaDAKdLEnTYxLod9G2InfJ6CiZCWz4exARIOPA3N86uzN8crJNIRN4nChB6HvYYzKVjLolPo1wKckOsPLtLjox9iyYoWEEsx46AZeTg9JfCySpwPNvZ5ppyitn+BtpJVeA0bxJdxxAilWo9wHyx0BlQiWz4MeI4EdfuUngpp14SLND+F5ZRC3WJMKZbKmc5jYVFUzZyZnwFUrvI8mGo7m4i/niILJTd+LzDNR4diMGBKTOPa/ytxgnb9J3ncpwo3c5ta7lolalpTW+wM58xb7bNRiz8ZEfDFS/ root@ubuntu-xenial
-----END SSH HOST KEY KEYS-----
[   31.398281] cloud-init[1371]: Cloud-init v. 0.7.9 running 'modules:final' at Sun, 25 Jun 2017 14:35:24 +0000. Up 30.41 seconds.
[   31.505373] cloud-init[1371]: ci-info: no authorized ssh keys fingerprints found for user ubuntu.
[   31.561732] cloud-init[1371]: Cloud-init v. 0.7.9 finished at Sun, 25 Jun 2017 14:35:25 +0000. Datasource DataSourceNoCloud [seed=/dev/sdb][dsmode=net].  Up 31.34 seconds

Ubuntu 16.04.2 LTS ubuntu-xenial ttyS0

ubuntu-xenial login: 